  ▲ Next.js 14.2.29
  - Local:        http://localhost:3002
  - Environments: .env.local

 ✓ Starting...
 ✓ Ready in 2.1s
 ✓ Compiled /middleware in 149ms (73 modules)
 ○ Compiling /sign-in ...
 ✓ Compiled /sign-in in 13.1s (9644 modules)
 GET /sign-in?redirect_url=%2Fgenerate 200 in 13509ms
 ✓ Compiled in 512ms (4807 modules)
 ✓ Compiled in 7.9s (4807 modules)
 ✓ Compiled in 952ms (4807 modules)
 ✓ Compiled in 5.5s (4807 modules)
 ✓ Compiled in 1101ms (4807 modules)
 ✓ Compiled in 3.4s (4807 modules)
 ✓ Compiled in 2.1s (4807 modules)
 ✓ Compiled in 378ms (4807 modules)
   Reload env: .env.local
 ✓ Compiled in 1806ms (4880 modules)
 ✓ Compiled in 473ms (4866 modules)
 ✓ Compiled in 4s (4807 modules)
 ✓ Compiled in 848ms (4807 modules)
 ✓ Compiled in 926ms (4807 modules)
 ✓ Compiled in 1146ms (4807 modules)
 ✓ Compiled in 1540ms (4807 modules)
 ✓ Compiled in 371ms (4807 modules)
 ✓ Compiled in 613ms (4807 modules)
 ✓ Compiled in 613ms (4807 modules)
 ✓ Compiled in 402ms (4807 modules)
 ✓ Compiled in 487ms (4807 modules)
 ✓ Compiled in 407ms (4807 modules)
 ✓ Compiled in 368ms (4807 modules)
 ✓ Compiled in 387ms (4807 modules)
 ✓ Compiled in 582ms (4807 modules)
 ✓ Compiled in 306ms (4807 modules)
 ○ Compiling / ...
 ✓ Compiled / in 2.2s (9616 modules)
 GET / 200 in 2566ms
 ✓ Compiled in 473ms (73 modules)
   Reload env: .env.local
 ✓ Compiled in 3.9s (4884 modules)
   Reload env: .env.local
 ✓ Compiled in 567ms (4870 modules)
 ✓ Compiled in 639ms (4811 modules)
 ✓ Compiled in 713ms (4811 modules)
 ✓ Compiled in 594ms (4811 modules)
 ✓ Compiled in 1037ms (4811 modules)
 ✓ Compiled in 467ms (4811 modules)
 ✓ Compiled in 946ms (4811 modules)
 ✓ Compiled in 2.2s (4811 modules)
   Reload env: .env.local
 ✓ Compiled in 717ms (4870 modules)
 ✓ Compiled in 742ms (4811 modules)
 ✓ Compiled in 466ms (4811 modules)
 ✓ Compiled in 1544ms (4811 modules)
 ✓ Compiled in 2.6s (4870 modules)
 ✓ Compiled in 937ms (4811 modules)
 ○ Compiling /privacy ...
 ✓ Compiled /privacy in 13.8s (9615 modules)
 ⨯ TypeError: (0 , react__WEBPACK_IMPORTED_MODULE_0__.createContext) is not a function
    at __webpack_require__ (D:\Projects\scopedrop\.next\server\webpack-runtime.js:33:42)
    at __webpack_require__ (D:\Projects\scopedrop\.next\server\webpack-runtime.js:33:42)
    at __webpack_require__ (D:\Projects\scopedrop\.next\server\webpack-runtime.js:33:42)
    at eval (./components/legal/LegalPage.tsx:8:79)
    at (rsc)/./components/legal/LegalPage.tsx (D:\Projects\scopedrop\.next\server\app\privacy\page.js:173:1)
    at __webpack_require__ (D:\Projects\scopedrop\.next\server\webpack-runtime.js:33:42)
    at eval (./app/privacy/page.tsx:8:85)
    at (rsc)/./app/privacy/page.tsx (D:\Projects\scopedrop\.next\server\app\privacy\page.js:162:1)
    at __webpack_require__ (D:\Projects\scopedrop\.next\server\webpack-runtime.js:33:42)
    at async Promise.all (index 0)
    at async Promise.all (index 0)
digest: "1077308263"
 ⨯ TypeError: (0 , react__WEBPACK_IMPORTED_MODULE_0__.createContext) is not a function
    at __webpack_require__ (D:\Projects\scopedrop\.next\server\webpack-runtime.js:33:42)
    at __webpack_require__ (D:\Projects\scopedrop\.next\server\webpack-runtime.js:33:42)
    at __webpack_require__ (D:\Projects\scopedrop\.next\server\webpack-runtime.js:33:42)
    at eval (./components/legal/LegalPage.tsx:8:79)
    at (rsc)/./components/legal/LegalPage.tsx (D:\Projects\scopedrop\.next\server\app\privacy\page.js:173:1)
    at __webpack_require__ (D:\Projects\scopedrop\.next\server\webpack-runtime.js:33:42)
    at eval (./app/privacy/page.tsx:8:85)
    at (rsc)/./app/privacy/page.tsx (D:\Projects\scopedrop\.next\server\app\privacy\page.js:162:1)
    at __webpack_require__ (D:\Projects\scopedrop\.next\server\webpack-runtime.js:33:42)
    at async Promise.all (index 0)
    at async Promise.all (index 0)
digest: "1077308263"
 ⨯ TypeError: (0 , react__WEBPACK_IMPORTED_MODULE_0__.createContext) is not a function
    at __webpack_require__ (D:\Projects\scopedrop\.next\server\webpack-runtime.js:33:42)
    at __webpack_require__ (D:\Projects\scopedrop\.next\server\webpack-runtime.js:33:42)
    at __webpack_require__ (D:\Projects\scopedrop\.next\server\webpack-runtime.js:33:42)
    at eval (./components/legal/LegalPage.tsx:8:79)
    at (rsc)/./components/legal/LegalPage.tsx (D:\Projects\scopedrop\.next\server\app\privacy\page.js:173:1)
    at __webpack_require__ (D:\Projects\scopedrop\.next\server\webpack-runtime.js:33:42)
    at eval (./app/privacy/page.tsx:8:85)
    at (rsc)/./app/privacy/page.tsx (D:\Projects\scopedrop\.next\server\app\privacy\page.js:162:1)
    at __webpack_require__ (D:\Projects\scopedrop\.next\server\webpack-runtime.js:33:42)
digest: "2530284039"
TypeError: (0 , react__WEBPACK_IMPORTED_MODULE_0__.createContext) is not a function
    at eval (webpack-internal:///(rsc)/./node_modules/@phosphor-icons/react/dist/lib/context.es.js:7:63)
    at (rsc)/./node_modules/@phosphor-icons/react/dist/lib/context.es.js (D:\Projects\scopedrop\.next\server\vendor-chunks\@phosphor-icons.js:50:1)
    at __webpack_require__ (D:\Projects\scopedrop\.next\server\webpack-runtime.js:33:42)
    at eval (webpack-internal:///(rsc)/./node_modules/@phosphor-icons/react/dist/lib/IconBase.es.js:6:72)
    at (rsc)/./node_modules/@phosphor-icons/react/dist/lib/IconBase.es.js (D:\Projects\scopedrop\.next\server\vendor-chunks\@phosphor-icons.js:40:1)
    at __webpack_require__ (D:\Projects\scopedrop\.next\server\webpack-runtime.js:33:42)
    at eval (webpack-internal:///(rsc)/./node_modules/@phosphor-icons/react/dist/csr/Sparkle.es.js:7:77)
    at (rsc)/./node_modules/@phosphor-icons/react/dist/csr/Sparkle.es.js (D:\Projects\scopedrop\.next\server\vendor-chunks\@phosphor-icons.js:20:1)
    at __webpack_require__ (D:\Projects\scopedrop\.next\server\webpack-runtime.js:33:42)
    at eval (webpack-internal:///(rsc)/./components/legal/LegalPage.tsx:8:79)
    at (rsc)/./components/legal/LegalPage.tsx (D:\Projects\scopedrop\.next\server\app\privacy\page.js:173:1)
    at __webpack_require__ (D:\Projects\scopedrop\.next\server\webpack-runtime.js:33:42)
    at eval (webpack-internal:///(rsc)/./app/privacy/page.tsx:8:85)
    at (rsc)/./app/privacy/page.tsx (D:\Projects\scopedrop\.next\server\app\privacy\page.js:162:1)
    at __webpack_require__ (D:\Projects\scopedrop\.next\server\webpack-runtime.js:33:42)
    at runNextTicks (node:internal/process/task_queues:64:5)
    at listOnTimeout (node:internal/timers:567:9)
    at process.processTimers (node:internal/timers:541:7)
    at async e7 (D:\Projects\scopedrop\node_modules\next\dist\compiled\next-server\app-page.runtime.dev.js:35:396972)
    at async tS (D:\Projects\scopedrop\node_modules\next\dist\compiled\next-server\app-page.runtime.dev.js:35:400486)
    at async tw (D:\Projects\scopedrop\node_modules\next\dist\compiled\next-server\app-page.runtime.dev.js:35:401047)
    at async tw (D:\Projects\scopedrop\node_modules\next\dist\compiled\next-server\app-page.runtime.dev.js:35:401178)
    at async tw (D:\Projects\scopedrop\node_modules\next\dist\compiled\next-server\app-page.runtime.dev.js:35:401178)
    at async tO (D:\Projects\scopedrop\node_modules\next\dist\compiled\next-server\app-page.runtime.dev.js:36:2320)
    at async D:\Projects\scopedrop\node_modules\next\dist\compiled\next-server\app-page.runtime.dev.js:36:2989 {
  digest: '2530284039'
}
 ⨯ TypeError: (0 , react__WEBPACK_IMPORTED_MODULE_0__.createContext) is not a function
    at eval (webpack-internal:///(rsc)/./node_modules/@phosphor-icons/react/dist/lib/context.es.js:7:63)
    at (rsc)/./node_modules/@phosphor-icons/react/dist/lib/context.es.js (D:\Projects\scopedrop\.next\server\vendor-chunks\@phosphor-icons.js:50:1)
    at __webpack_require__ (D:\Projects\scopedrop\.next\server\webpack-runtime.js:33:42)
    at eval (webpack-internal:///(rsc)/./node_modules/@phosphor-icons/react/dist/lib/IconBase.es.js:6:72)
    at (rsc)/./node_modules/@phosphor-icons/react/dist/lib/IconBase.es.js (D:\Projects\scopedrop\.next\server\vendor-chunks\@phosphor-icons.js:40:1)
    at __webpack_require__ (D:\Projects\scopedrop\.next\server\webpack-runtime.js:33:42)
    at eval (webpack-internal:///(rsc)/./node_modules/@phosphor-icons/react/dist/csr/Sparkle.es.js:7:77)
    at (rsc)/./node_modules/@phosphor-icons/react/dist/csr/Sparkle.es.js (D:\Projects\scopedrop\.next\server\vendor-chunks\@phosphor-icons.js:20:1)
    at __webpack_require__ (D:\Projects\scopedrop\.next\server\webpack-runtime.js:33:42)
    at eval (webpack-internal:///(rsc)/./components/legal/LegalPage.tsx:8:79)
    at (rsc)/./components/legal/LegalPage.tsx (D:\Projects\scopedrop\.next\server\app\privacy\page.js:173:1)
    at __webpack_require__ (D:\Projects\scopedrop\.next\server\webpack-runtime.js:33:42)
    at eval (webpack-internal:///(rsc)/./app/privacy/page.tsx:8:85)
    at (rsc)/./app/privacy/page.tsx (D:\Projects\scopedrop\.next\server\app\privacy\page.js:162:1)
    at __webpack_require__ (D:\Projects\scopedrop\.next\server\webpack-runtime.js:33:42)
    at runNextTicks (node:internal/process/task_queues:64:5)
    at listOnTimeout (node:internal/timers:567:9)
    at process.processTimers (node:internal/timers:541:7)
    at async e7 (D:\Projects\scopedrop\node_modules\next\dist\compiled\next-server\app-page.runtime.dev.js:35:396972)
    at async tS (D:\Projects\scopedrop\node_modules\next\dist\compiled\next-server\app-page.runtime.dev.js:35:400486)
    at async tw (D:\Projects\scopedrop\node_modules\next\dist\compiled\next-server\app-page.runtime.dev.js:35:401047)
    at async tw (D:\Projects\scopedrop\node_modules\next\dist\compiled\next-server\app-page.runtime.dev.js:35:401178)
    at async tw (D:\Projects\scopedrop\node_modules\next\dist\compiled\next-server\app-page.runtime.dev.js:35:401178)
    at async tO (D:\Projects\scopedrop\node_modules\next\dist\compiled\next-server\app-page.runtime.dev.js:36:2320)
    at async D:\Projects\scopedrop\node_modules\next\dist\compiled\next-server\app-page.runtime.dev.js:36:2989 {
  digest: '2530284039',
  page: '/privacy'
}
 ○ Compiling /_error ...
 ✓ Compiled /_error in 2.8s (9841 modules)
 ✓ Compiled in 4.7s (5045 modules)
<w> [webpack.cache.PackFileCacheStrategy] Caching failed for pack: Error: ENOENT: no such file or directory, open 'D:\Projects\scopedrop\.next\cache\webpack\server-development\index.pack.gz_'
[Error: ENOENT: no such file or directory, stat 'D:\Projects\scopedrop\.next\cache\webpack\client-development\1.pack.gz'] {
  errno: -4058,
  code: 'ENOENT',
  syscall: 'stat',
  path: 'D:\\Projects\\scopedrop\\.next\\cache\\webpack\\client-development\\1.pack.gz'
}
 ⨯ unhandledRejection: [Error: ENOENT: no such file or directory, stat 'D:\Projects\scopedrop\.next\cache\webpack\client-development\1.pack.gz'] {
  errno: -4058,
  code: 'ENOENT',
  syscall: 'stat',
  path: 'D:\\Projects\\scopedrop\\.next\\cache\\webpack\\client-development\\1.pack.gz'
}
 ⨯ unhandledRejection: [Error: ENOENT: no such file or directory, stat 'D:\Projects\scopedrop\.next\cache\webpack\client-development\1.pack.gz'] {
  errno: -4058,
  code: 'ENOENT',
  syscall: 'stat',
  path: 'D:\\Projects\\scopedrop\\.next\\cache\\webpack\\client-development\\1.pack.gz'
}
<w> [webpack.cache.PackFileCacheStrategy] Caching failed for pack: Error: ENOENT: no such file or directory, stat 'D:\Projects\scopedrop\.next\cache\webpack\client-development\1.pack.gz'
 ✓ Compiled in 2.5s (4997 modules)
<w> [webpack.cache.PackFileCacheStrategy] Caching failed for pack: Error: ENOENT: no such file or directory, rename 'D:\Projects\scopedrop\.next\cache\webpack\client-development\1.pack.gz_' -> 'D:\Projects\scopedrop\.next\cache\webpack\client-development\1.pack.gz'
 ○ Compiling / ...
 ✓ Compiled / in 13.9s (4858 modules)
   Reload env: .env.local
<w> [webpack.cache.PackFileCacheStrategy] Restoring pack from D:\Projects\scopedrop\.next\cache\webpack\server-development.pack.gz failed: TypeError: Cannot read properties of undefined (reading 'hasStartTime')
 ✓ Compiled in 8.2s (9928 modules)
