
> scopedrop@0.1.0 dev:raw
> next dev -p 3000 -p 3006

  ▲ Next.js 14.2.29
  - Local:        http://localhost:3006
  - Environments: .env.local

 ✓ Starting...
 ✓ Ready in 2.3s
 ○ Compiling /privacy ...
 ✓ Compiled /privacy in 4.4s (556 modules)
 GET /privacy 200 in 4644ms
 GET /privacy 200 in 4657ms
 ✓ Compiled in 282ms (262 modules)
 ✓ Compiled /terms in 289ms (526 modules)
 GET /terms 200 in 358ms
 GET /terms 200 in 382ms
 ○ Compiling /sign-in ...
 ✓ Compiled /sign-in in 10.2s (9620 modules)
 GET /sign-in 200 in 10364ms
 ○ Compiling /sign-up ...
 ✓ Compiled /sign-up in 609ms (9626 modules)
 GET /sign-up 200 in 741ms
 ○ Compiling / ...
 ✓ Compiled / in 726ms (9636 modules)
 GET / 200 in 814ms
 GET / 200 in 42ms
 GET /sign-in 200 in 61ms
 GET /sign-up 200 in 41ms
 GET /privacy 200 in 84ms
 GET / 200 in 65ms
 GET /terms 200 in 44ms
 GET /sign-in 200 in 110ms
 GET /sign-up 200 in 53ms
 GET / 200 in 121ms
 GET / 200 in 84ms
 ○ Compiling /api/auth/me ...
 ✓ Compiled /api/auth/me in 3.5s (4892 modules)
   Reload env: .env.local
<w> [webpack.cache.PackFileCacheStrategy] Restoring pack from D:\Projects\scopedrop\.next\cache\webpack\server-development.pack.gz failed: TypeError: Cannot read properties of undefined (reading 'hasStartTime')
 ✓ Compiled in 5.4s (4914 modules)
